pshet@pshet-virtual-machine:~/ANSIBLE_Rajath$ sudo ansible localhost -m group -a"name=deploy"
localhost | CHANGED => {
    "changed": true, 
    "gid": 1001, 
    "name": "deploy", 
    "state": "present", 
    "system": false
}
pshet@pshet-virtual-machine:~/ANSIBLE_Rajath$ 
pshet@pshet-virtual-machine:~/ANSIBLE_Rajath$ 
pshet@pshet-virtual-machine:~/ANSIBLE_Rajath$ more /etc/group | grep deploy
deploy:x:1001:
pshet@pshet-virtual-machine:~/ANSIBLE_Rajath$ 
pshet@pshet-virtual-machine:~/ANSIBLE_Rajath$ 
pshet@pshet-virtual-machine:~/ANSIBLE_Rajath$ sudo ansible localhost -m user -a"name=deploy-user group=deploy"
localhost | CHANGED => {
    "changed": true, 
    "comment": "", 
    "create_home": true, 
    "group": 1001, 
    "home": "/home/deploy-user", 
    "name": "deploy-user", 
    "shell": "/bin/sh", 
    "state": "present", 
    "system": false, 
    "uid": 1001
}
pshet@pshet-virtual-machine:~/ANSIBLE_Rajath$ more /etc/passwd | grep deploy-user
deploy-user:x:1001:1001::/home/deploy-user:/bin/sh
pshet@pshet-virtual-machine:~/ANSIBLE_Rajath$ sudo ansible localhost -m user -a"name=deploy-user group=deploy"
localhost | SUCCESS => {
    "append": false, 
    "changed": false, 
    "comment": "", 
    "group": 1001, 
    "home": "/home/deploy-user", 
    "move_home": false, 
    "name": "deploy-user", 
    "shell": "/bin/sh", 
    "state": "present", 
    "uid": 1001
}
pshet@pshet-virtual-machine:~/ANSIBLE_Rajath$ more /etc/passwd | grep deploy-user
deploy-user:x:1001:1001::/home/deploy-user:/bin/sh
pshet@pshet-virtual-machine:~/ANSIBLE_Rajath$ 
pshet@pshet-virtual-machine:~/ANSIBLE_Rajath$ 
pshet@pshet-virtual-machine:~/ANSIBLE_Rajath$ 
pshet@pshet-virtual-machine:~/ANSIBLE_Rajath$ 
pshet@pshet-virtual-machine:~/ANSIBLE_Rajath$ sudo ansible localhost -m user -a"name=deploy-user group=deploy"
localhost | SUCCESS => {
    "append": false, 
    "changed": false, 
    "comment": "", 
    "group": 1001, 
    "home": "/home/deploy-user", 
    "move_home": false, 
    "name": "deploy-user", 
    "shell": "/bin/sh", 
    "state": "present", 
    "uid": 1001
}
pshet@pshet-virtual-machine:~/ANSIBLE_Rajath$ 
pshet@pshet-virtual-machine:~/ANSIBLE_Rajath$ 
pshet@pshet-virtual-machine:~/ANSIBLE_Rajath$ 
pshet@pshet-virtual-machine:~/ANSIBLE_Rajath$ 
pshet@pshet-virtual-machine:~/ANSIBLE_Rajath$ 
pshet@pshet-virtual-machine:~/ANSIBLE_Rajath$ 
pshet@pshet-virtual-machine:~/ANSIBLE_Rajath$ 
pshet@pshet-virtual-machine:~/ANSIBLE_Rajath$ 
pshet@pshet-virtual-machine:~/ANSIBLE_Rajath$ sudo ansible localhost -m apt -a"pkg=apache2 state=present"
localhost | SUCCESS => {
    "cache_update_time": 1574063933, 
    "cache_updated": false, 
    "changed": false
}
pshet@pshet-virtual-machine:~/ANSIBLE_Rajath$ which apache2
/usr/sbin/apache2
pshet@pshet-virtual-machine:~/ANSIBLE_Rajath$ sudo ansible localhost -m service -a"name=apache2 state=started"
localhost | SUCCESS => {
    "changed": false, 
    "name": "apache2", 
    "state": "started", 
    "status": {
        "ActiveEnterTimestamp": "Mon 2019-11-18 13:36:04 IST", 
        "ActiveEnterTimestampMonotonic": "7096466157", 
        "ActiveExitTimestamp": "Mon 2019-11-18 13:34:38 IST", 
        "ActiveExitTimestampMonotonic": "7010325215", 
        "ActiveState": "active", 
        "After": "-.mount systemd-journald.socket system.slice sysinit.target systemd-tmpfiles-setup.service remote-fs.target nss-lookup.target basic.target network.target", 
        "AllowIsolate": "no", 
        "AmbientCapabilities": "", 
        "AssertResult": "yes", 
        "AssertTimestamp": "Mon 2019-11-18 13:36:04 IST", 
        "AssertTimestampMonotonic": "7096433023", 
        "Before": "shutdown.target multi-user.target", 
        "BlockIOAccounting": "no", 
        "BlockIOWeight": "[not set]", 
        "CPUAccounting": "no", 
        "CPUQuotaPerSecUSec": "infinity", 
        "CPUSchedulingPolicy": "0", 
        "CPUSchedulingPriority": "0", 
        "CPUSchedulingResetOnFork": "no", 
        "CPUShares": "[not set]", 
        "CPUUsageNSec": "[not set]", 
        "CPUWeight": "[not set]", 
        "CacheDirectoryMode": "0755", 
        "CanIsolate": "no", 
        "CanReload": "yes", 
        "CanStart": "yes", 
        "CanStop": "yes", 
        "CapabilityBoundingSet": "cap_chown cap_dac_override cap_dac_read_search cap_fowner cap_fsetid cap_kill cap_setgid cap_setuid cap_setpcap cap_linux_immutable cap_net_bind_service cap_net_broadcast cap_net_admin cap_net_raw cap_ipc_lock cap_ipc_owner cap_sys_module cap_sys_rawio cap_sys_chroot cap_sys_ptrace cap_sys_pacct cap_sys_admin cap_sys_boot cap_sys_nice cap_sys_resource cap_sys_time cap_sys_tty_config cap_mknod cap_lease cap_audit_write cap_audit_control cap_setfcap cap_mac_override cap_mac_admin cap_syslog cap_wake_alarm cap_block_suspend", 
        "CollectMode": "inactive", 
        "ConditionResult": "yes", 
        "ConditionTimestamp": "Mon 2019-11-18 13:36:04 IST", 
        "ConditionTimestampMonotonic": "7096433022", 
        "ConfigurationDirectoryMode": "0755", 
        "Conflicts": "shutdown.target", 
        "ControlGroup": "/system.slice/apache2.service", 
        "ControlPID": "0", 
        "DefaultDependencies": "yes", 
        "Delegate": "no", 
        "Description": "The Apache HTTP Server", 
        "DevicePolicy": "auto", 
        "DropInPaths": "/lib/systemd/system/apache2.service.d/apache2-systemd.conf", 
        "DynamicUser": "no", 
        "Environment": "APACHE_STARTED_BY_SYSTEMD=true", 
        "ExecMainCode": "0", 
        "ExecMainExitTimestampMonotonic": "0", 
        "ExecMainPID": "6005", 
        "ExecMainStartTimestamp": "Mon 2019-11-18 13:36:04 IST", 
        "ExecMainStartTimestampMonotonic": "7096466135", 
        "ExecMainStatus": "0", 
        "ExecReload": "{ path=/usr/sbin/apachectl ; argv[]=/usr/sbin/apachectl graceful ; ignore_errors=no ; start_time=[n/a] ; stop_time=[n/a] ; pid=0 ; code=(null) ; status=0/0 }", 
        "ExecStart": "{ path=/usr/sbin/apachectl ; argv[]=/usr/sbin/apachectl start ; ignore_errors=no ; start_time=[Mon 2019-11-18 13:36:04 IST] ; stop_time=[Mon 2019-11-18 13:36:04 IST] ; pid=6001 ; code=exited ; status=0 }", 
        "ExecStop": "{ path=/usr/sbin/apachectl ; argv[]=/usr/sbin/apachectl stop ; ignore_errors=no ; start_time=[Mon 2019-11-18 13:34:38 IST] ; stop_time=[Mon 2019-11-18 13:34:38 IST] ; pid=5896 ; code=exited ; status=0 }", 
        "FailureAction": "none", 
        "FileDescriptorStoreMax": "0", 
        "FragmentPath": "/lib/systemd/system/apache2.service", 
        "GID": "[not set]", 
        "GuessMainPID": "yes", 
        "IOAccounting": "no", 
        "IOSchedulingClass": "0", 
        "IOSchedulingPriority": "0", 
        "IOWeight": "[not set]", 
        "IPAccounting": "no", 
        "IPEgressBytes": "18446744073709551615", 
        "IPEgressPackets": "18446744073709551615", 
        "IPIngressBytes": "18446744073709551615", 
        "IPIngressPackets": "18446744073709551615", 
        "Id": "apache2.service", 
        "IgnoreOnIsolate": "no", 
        "IgnoreSIGPIPE": "yes", 
        "InactiveEnterTimestamp": "Mon 2019-11-18 13:34:38 IST", 
        "InactiveEnterTimestampMonotonic": "7010392421", 
        "InactiveExitTimestamp": "Mon 2019-11-18 13:36:04 IST", 
        "InactiveExitTimestampMonotonic": "7096434129", 
        "InvocationID": "ac40bbdeef564c588ffd7a700d1d9523", 
        "JobRunningTimeoutUSec": "infinity", 
        "JobTimeoutAction": "none", 
        "JobTimeoutUSec": "infinity", 
        "KeyringMode": "private", 
        "KillMode": "control-group", 
        "KillSignal": "15", 
        "LimitAS": "infinity", 
        "LimitASSoft": "infinity", 
        "LimitCORE": "infinity", 
        "LimitCORESoft": "0", 
        "LimitCPU": "infinity", 
        "LimitCPUSoft": "infinity", 
        "LimitDATA": "infinity", 
        "LimitDATASoft": "infinity", 
        "LimitFSIZE": "infinity", 
        "LimitFSIZESoft": "infinity", 
        "LimitLOCKS": "infinity", 
        "LimitLOCKSSoft": "infinity", 
        "LimitMEMLOCK": "16777216", 
        "LimitMEMLOCKSoft": "16777216", 
        "LimitMSGQUEUE": "819200", 
        "LimitMSGQUEUESoft": "819200", 
        "LimitNICE": "0", 
        "LimitNICESoft": "0", 
        "LimitNOFILE": "4096", 
        "LimitNOFILESoft": "1024", 
        "LimitNPROC": "31665", 
        "LimitNPROCSoft": "31665", 
        "LimitRSS": "infinity", 
        "LimitRSSSoft": "infinity", 
        "LimitRTPRIO": "0", 
        "LimitRTPRIOSoft": "0", 
        "LimitRTTIME": "infinity", 
        "LimitRTTIMESoft": "infinity", 
        "LimitSIGPENDING": "31665", 
        "LimitSIGPENDINGSoft": "31665", 
        "LimitSTACK": "infinity", 
        "LimitSTACKSoft": "8388608", 
        "LoadState": "loaded", 
        "LockPersonality": "no", 
        "LogLevelMax": "-1", 
        "LogsDirectoryMode": "0755", 
        "MainPID": "6005", 
        "MemoryAccounting": "no", 
        "MemoryCurrent": "[not set]", 
        "MemoryDenyWriteExecute": "no", 
        "MemoryHigh": "infinity", 
        "MemoryLimit": "infinity", 
        "MemoryLow": "0", 
        "MemoryMax": "infinity", 
        "MemorySwapMax": "infinity", 
        "MountAPIVFS": "no", 
        "MountFlags": "", 
        "NFileDescriptorStore": "0", 
        "NRestarts": "0", 
        "Names": "apache2.service", 
        "NeedDaemonReload": "no", 
        "Nice": "0", 
        "NoNewPrivileges": "no", 
        "NonBlocking": "no", 
        "NotifyAccess": "none", 
        "OOMScoreAdjust": "0", 
        "OnFailureJobMode": "replace", 
        "PermissionsStartOnly": "no", 
        "Perpetual": "no", 
        "PrivateDevices": "no", 
        "PrivateNetwork": "no", 
        "PrivateTmp": "yes", 
        "PrivateUsers": "no", 
        "ProtectControlGroups": "no", 
        "ProtectHome": "no", 
        "ProtectKernelModules": "no", 
        "ProtectKernelTunables": "no", 
        "ProtectSystem": "no", 
        "RefuseManualStart": "no", 
        "RefuseManualStop": "no", 
        "RemainAfterExit": "no", 
        "RemoveIPC": "no", 
        "Requires": "sysinit.target system.slice -.mount", 
        "RequiresMountsFor": "/var/tmp /tmp", 
        "Restart": "on-abort", 
        "RestartUSec": "100ms", 
        "RestrictNamespaces": "no", 
        "RestrictRealtime": "no", 
        "Result": "success", 
        "RootDirectoryStartOnly": "no", 
        "RuntimeDirectoryMode": "0755", 
        "RuntimeDirectoryPreserve": "no", 
        "RuntimeMaxUSec": "infinity", 
        "SameProcessGroup": "no", 
        "SecureBits": "0", 
        "SendSIGHUP": "no", 
        "SendSIGKILL": "yes", 
        "Slice": "system.slice", 
        "StandardError": "inherit", 
        "StandardInput": "null", 
        "StandardInputData": "", 
        "StandardOutput": "journal", 
        "StartLimitAction": "none", 
        "StartLimitBurst": "5", 
        "StartLimitIntervalUSec": "10s", 
        "StartupBlockIOWeight": "[not set]", 
        "StartupCPUShares": "[not set]", 
        "StartupCPUWeight": "[not set]", 
        "StartupIOWeight": "[not set]", 
        "StateChangeTimestamp": "Mon 2019-11-18 13:36:04 IST", 
        "StateChangeTimestampMonotonic": "7096466157", 
        "StateDirectoryMode": "0755", 
        "StatusErrno": "0", 
        "StopWhenUnneeded": "no", 
        "SubState": "running", 
        "SuccessAction": "none", 
        "SyslogFacility": "3", 
        "SyslogLevel": "6", 
        "SyslogLevelPrefix": "yes", 
        "SyslogPriority": "30", 
        "SystemCallErrorNumber": "0", 
        "TTYReset": "no", 
        "TTYVHangup": "no", 
        "TTYVTDisallocate": "no", 
        "TasksAccounting": "yes", 
        "TasksCurrent": "55", 
        "TasksMax": "4915", 
        "TimeoutStartUSec": "1min 30s", 
        "TimeoutStopUSec": "1min 30s", 
        "TimerSlackNSec": "50000", 
        "Transient": "no", 
        "Type": "forking", 
        "UID": "[not set]", 
        "UMask": "0022", 
        "UnitFilePreset": "enabled", 
        "UnitFileState": "enabled", 
        "UtmpMode": "init", 
        "WantedBy": "multi-user.target", 
        "WatchdogTimestamp": "Mon 2019-11-18 13:36:04 IST", 
        "WatchdogTimestampMonotonic": "7096466155", 
        "WatchdogUSec": "0"
    }
}
pshet@pshet-virtual-machine:~/ANSIBLE_Rajath$ 
pshet@pshet-virtual-machine:~/ANSIBLE_Rajath$ 
pshet@pshet-virtual-machine:~/ANSIBLE_Rajath$ 
pshet@pshet-virtual-machine:~/ANSIBLE_Rajath$ 
pshet@pshet-virtual-machine:~/ANSIBLE_Rajath$ sudo ansible localhost -m apt -a"pkg=git state=present"
localhost | SUCCESS => {
    "cache_update_time": 1574063933, 
    "cache_updated": false, 
    "changed": false
}
pshet@pshet-virtual-machine:~/ANSIBLE_Rajath$ 
pshet@pshet-virtual-machine:~/ANSIBLE_Rajath$ 
pshet@pshet-virtual-machine:~/ANSIBLE_Rajath$ sudo ansible localhost -m apt -a"pkg=wget state=present"
localhost | SUCCESS => {
    "cache_update_time": 1574063933, 
    "cache_updated": false, 
    "changed": false
}
pshet@pshet-virtual-machine:~/ANSIBLE_Rajath$ 
pshet@pshet-virtual-machine:~/ANSIBLE_Rajath$ 
pshet@pshet-virtual-machine:~/ANSIBLE_Rajath$ vi second.html
pshet@pshet-virtual-machine:~/ANSIBLE_Rajath$ sudo ansible localhost  -m copy -a"dest=/var/www/html src=/home/pshet/ANSIBLE_Rajath/second.html"
localhost | CHANGED => {
    "changed": true, 
    "checksum": "3a8368309362d1d5ade03b20119158e33564f9f6", 
    "dest": "/var/www/html/second.html", 
    "gid": 0, 
    "group": "root", 
    "md5sum": "d4defcd970f8e340452085367076b0ea", 
    "mode": "0644", 
    "owner": "root", 
    "size": 29, 
    "src": "/root/.ansible/tmp/ansible-tmp-1574065809.22-56096131866075/source", 
    "state": "file", 
    "uid": 0
}
pshet@pshet-virtual-machine:~/ANSIBLE_Rajath$ 
pshet@pshet-virtual-machine:~/ANSIBLE_Rajath$ sudo ansible -m git -a "repo=https://github.com/scmgalaxy/ansible-role-template dest=/home/pshet/ANSIBLE_Rajath/"
usage: ansible [-h] [--version] [-v] [-b] [--become-method BECOME_METHOD]
               [--become-user BECOME_USER] [-K] [-i INVENTORY] [--list-hosts]
               [-l SUBSET] [-P POLL_INTERVAL] [-B SECONDS] [-o] [-t TREE] [-k]
               [--private-key PRIVATE_KEY_FILE] [-u REMOTE_USER]
               [-c CONNECTION] [-T TIMEOUT]
               [--ssh-common-args SSH_COMMON_ARGS]
               [--sftp-extra-args SFTP_EXTRA_ARGS]
               [--scp-extra-args SCP_EXTRA_ARGS]
               [--ssh-extra-args SSH_EXTRA_ARGS] [-C] [--syntax-check] [-D]
               [-e EXTRA_VARS] [--vault-id VAULT_IDS]
               [--ask-vault-pass | --vault-password-file VAULT_PASSWORD_FILES]
               [-f FORKS] [-M MODULE_PATH] [--playbook-dir BASEDIR]
               [-a MODULE_ARGS] [-m MODULE_NAME]
               pattern
ansible: error: too few arguments
pshet@pshet-virtual-machine:~/ANSIBLE_Rajath$ 
pshet@pshet-virtual-machine:~/ANSIBLE_Rajath$ 
pshet@pshet-virtual-machine:~/ANSIBLE_Rajath$ sudo ansible -m git -a "repo=https://github.com/scmgalaxy/ansible-role-template dest=/home/pshet/clone_git"
usage: ansible [-h] [--version] [-v] [-b] [--become-method BECOME_METHOD]
               [--become-user BECOME_USER] [-K] [-i INVENTORY] [--list-hosts]
               [-l SUBSET] [-P POLL_INTERVAL] [-B SECONDS] [-o] [-t TREE] [-k]
               [--private-key PRIVATE_KEY_FILE] [-u REMOTE_USER]
               [-c CONNECTION] [-T TIMEOUT]
               [--ssh-common-args SSH_COMMON_ARGS]
               [--sftp-extra-args SFTP_EXTRA_ARGS]
               [--scp-extra-args SCP_EXTRA_ARGS]
               [--ssh-extra-args SSH_EXTRA_ARGS] [-C] [--syntax-check] [-D]
               [-e EXTRA_VARS] [--vault-id VAULT_IDS]
               [--ask-vault-pass | --vault-password-file VAULT_PASSWORD_FILES]
               [-f FORKS] [-M MODULE_PATH] [--playbook-dir BASEDIR]
               [-a MODULE_ARGS] [-m MODULE_NAME]
               pattern
ansible: error: too few arguments
pshet@pshet-virtual-machine:~/ANSIBLE_Rajath$ sudo ansible -m git -a "repo=https://github.com/scmgalaxy/ansible-role-template dest=clone_git"
usage: ansible [-h] [--version] [-v] [-b] [--become-method BECOME_METHOD]
               [--become-user BECOME_USER] [-K] [-i INVENTORY] [--list-hosts]
               [-l SUBSET] [-P POLL_INTERVAL] [-B SECONDS] [-o] [-t TREE] [-k]
               [--private-key PRIVATE_KEY_FILE] [-u REMOTE_USER]
               [-c CONNECTION] [-T TIMEOUT]
               [--ssh-common-args SSH_COMMON_ARGS]
               [--sftp-extra-args SFTP_EXTRA_ARGS]
               [--scp-extra-args SCP_EXTRA_ARGS]
               [--ssh-extra-args SSH_EXTRA_ARGS] [-C] [--syntax-check] [-D]
               [-e EXTRA_VARS] [--vault-id VAULT_IDS]
               [--ask-vault-pass | --vault-password-file VAULT_PASSWORD_FILES]
               [-f FORKS] [-M MODULE_PATH] [--playbook-dir BASEDIR]
               [-a MODULE_ARGS] [-m MODULE_NAME]
               pattern
ansible: error: too few arguments
pshet@pshet-virtual-machine:~/ANSIBLE_Rajath$ 
pshet@pshet-virtual-machine:~/ANSIBLE_Rajath$ sudo ansible -m git -a"repo=https://github.com/scmgalaxy/ansible-role-template dest=pop"
usage: ansible [-h] [--version] [-v] [-b] [--become-method BECOME_METHOD]
               [--become-user BECOME_USER] [-K] [-i INVENTORY] [--list-hosts]
               [-l SUBSET] [-P POLL_INTERVAL] [-B SECONDS] [-o] [-t TREE] [-k]
               [--private-key PRIVATE_KEY_FILE] [-u REMOTE_USER]
               [-c CONNECTION] [-T TIMEOUT]
               [--ssh-common-args SSH_COMMON_ARGS]
               [--sftp-extra-args SFTP_EXTRA_ARGS]
               [--scp-extra-args SCP_EXTRA_ARGS]
               [--ssh-extra-args SSH_EXTRA_ARGS] [-C] [--syntax-check] [-D]
               [-e EXTRA_VARS] [--vault-id VAULT_IDS]
               [--ask-vault-pass | --vault-password-file VAULT_PASSWORD_FILES]
               [-f FORKS] [-M MODULE_PATH] [--playbook-dir BASEDIR]
               [-a MODULE_ARGS] [-m MODULE_NAME]
               pattern
ansible: error: too few arguments
pshet@pshet-virtual-machine:~/ANSIBLE_Rajath$ sudo ansible localhost -m git -a"repo=https://github.com/scmgalaxy/ansible-role-template dest=git_clone"
localhost | CHANGED => {
    "after": "d3eefe03c1bb6c9b0e1574347523174a26d015ff", 
    "before": null, 
    "changed": true
}
pshet@pshet-virtual-machine:~/ANSIBLE_Rajath$ 
pshet@pshet-virtual-machine:~/ANSIBLE_Rajath$ sudo ansible localhost -m reboot -a"msg=Rebooting..."
localhost | FAILED! => {
    "changed": false, 
    "elapsed": 0, 
    "msg": "Running reboot with local connection would reboot the control node.", 
    "rebooted": false
}
pshet@pshet-virtual-machine:~/ANSIBLE_Rajath$ 
pshet@pshet-virtual-machine:~/ANSIBLE_Rajath$ 
pshet@pshet-virtual-machine:~/ANSIBLE_Rajath$ 
pshet@pshet-virtual-machine:~/ANSIBLE_Rajath$ sudo ansible localhost -m file -a"name=devopsschool.txt path=/var/www/html state=touch"
[WARNING]: Both option path and its alias name are set.

localhost | CHANGED => {
    "changed": true, 
    "dest": "devopsschool.txt", 
    "gid": 0, 
    "group": "root", 
    "mode": "0644", 
    "owner": "root", 
    "size": 0, 
    "state": "file", 
    "uid": 0
}
pshet@pshet-virtual-machine:~/ANSIBLE_Rajath$ 
pshet@pshet-virtual-machine:~/ANSIBLE_Rajath$ 
pshet@pshet-virtual-machine:~/ANSIBLE_Rajath$ 
pshet@pshet-virtual-machine:~/ANSIBLE_Rajath$ 

==========================HISTORY========================

 2029  sudo ansible localhost -m group -a"name=deploy"
 2030  $ more /etc/group | grep deploy
 2031  more /etc/group | grep deploy
 2032  sudo ansible localhost -m user -a"name=deploy-user group=deploy"
 2033  more /etc/passwd | grep deploy-user
 2034  sudo ansible localhost -m user -a"name=deploy-user group=deploy"
 2035  more /etc/passwd | grep deploy-user
 2036  sudo ansible localhost -m user -a"name=deploy-user group=deploy:x:1001:"
 2037  sudo ansible localhost -m user -a"name=deploy-user group=deploy"
 2038  sudo ansible localhost -m apt -a"name=httpd"
 2039  sudo ansible localhost -m apt -a"name=httpd state=present"
 2040  which httpd
 2041  sudo ansible localhost -m apt -a"name=httpd state=present"
 2042  sudo ansible localhost -m apt -a"pkg=httpd state=present"
 2043  sudo ansible localhost -m apt -a"pkg=apache2 state=present"
 2044  which apache2
 2045* sudo ansible localhost -m service -a"name=apa state=started"
 2046  sudo ansible localhost -m apt -a"pkg=git state=present"
 2047  sudo ansible localhost -m apt -a"pkg=wget state=present"
 2048  vi second.html
 2049  sudo ansible localhost  -m copy -a"dest=/var/www/html src=/home/pshet/ANSIBLE_Rajath/second.html"
 2050  sudo ansible -m git -a "repo=https://github.com/scmgalaxy/ansible-role-template dest=/home/pshet/ANSIBLE_Rajath/"
 2051  sudo ansible -m git -a "repo=https://github.com/scmgalaxy/ansible-role-template dest=/home/pshet/clone_git"
 2052  sudo ansible -m git -a "repo=https://github.com/scmgalaxy/ansible-role-template dest=clone_git"
 2053  sudo ansible -m git -a"repo=https://github.com/scmgalaxy/ansible-role-template dest=pop"
 2054  sudo ansible localhost -m git -a"repo=https://github.com/scmgalaxy/ansible-role-template dest=git_clone"
 2055  sudo ansible localhost -m reboot -a"msg=Rebooting..."
 2056  sudo ansible localhost -m file -a"name=devopsschool.txt path=/var/www/html state=touch"
